<ul>
  <li>one</li>
  <li>two</li>
  <li>three</li>
</ul>

0, 1, 2, 3, 4, 5, 6, 7, 8, 9