Simple property: Joe
Nested object property: Smith
toString: Joe Smith