<ul>
  <li id="0">
    <p>one</p>
    <p>element</p>
    <p>1</p>
  </li>
  <li id="1">
    <p>two</p>
    <p>element</p>
    <p></p>
  </li>
  <li id="2">
    <p>three</p>
    <p>element</p>
    <p>Three</p>
  </li>
</ul>